floater pruning: removed 37,684 of 1,200,000 Gaussians
visibility views=400 at 794x446
blueprint guidance: {"plan": "../results/floorplan/layout.json", "swap_axes": false, "orientation": {"flip_along_length": false, "flip_along_breadth": true}, "evidence_seen_through": 0.974, "evidence_by_orientation": {"00": 0.0, "01": 0.974, "10": 0.0, "11": 0.043}, "openings": [{"kind": "door", "plan_wall": "west", "face": "wall_x0", "opening_texels": 3096, "already_seen_through": 3014, "newly_protected_by_plan": 0}]}
/home/kiranriya0990/hn3d/lib/python3.12/site-packages/torch/jit/_serialization.py:176: FutureWarning: `torch.jit.load` is deprecated. Please switch to `torch.export`.
  warnings.warn(
wall_x0 {'snap': 0.0, 'plan_protected': 0.0, 'observed': 0.291, 'opening': 0.179, 'generated': 0.53, 'method': 'lama', 'new_gaussians': 25642}
wall_x1 {'snap': 0.0, 'plan_protected': 0.0, 'observed': 0.693, 'opening': 0.009, 'generated': 0.298, 'method': 'lama', 'new_gaussians': 14445}
wall_y0 {'snap': 0.0, 'plan_protected': 0.0, 'observed': 0.381, 'opening': 0.006, 'generated': 0.612, 'method': 'lama', 'new_gaussians': 33315}
wall_y1 {'snap': 0.0, 'plan_protected': 0.0, 'observed': 0.48, 'opening': 0.189, 'generated': 0.331, 'method': 'lama', 'new_gaussians': 18001}
floor {'snap': 0.0, 'plan_protected': 0.0, 'observed': 0.827, 'opening': 0.0, 'generated': 0.173, 'method': 'lama', 'new_gaussians': 24596}
ceiling {'snap': 0.0, 'plan_protected': 0.0, 'observed': 0.332, 'opening': 0.0, 'generated': 0.668, 'method': 'lama', 'new_gaussians': 95169}
/home/kiranriya0990/hn3d/lib/python3.12/site-packages/torchvision/models/_utils.py:207: UserWarning: The parameter 'pretrained' is deprecated since 0.13 and may be removed in the future, please use 'weights' instead.
  warnings.warn(
/home/kiranriya0990/hn3d/lib/python3.12/site-packages/torchvision/models/_utils.py:222: UserWarning: Arguments other than a weight enum or `None` for 'weights' are deprecated since 0.13 and may be removed in the future. The current behavior is equivalent to passing `weights=VGG16_Weights.IMAGENET1K_V1`. You can also use `weights=VGG16_Weights.DEFAULT` to get the most up-to-date weights.
  warnings.warn(msg)
TEST  psnr=11.83  ssim=0.6515  lpips=0.6591  generated=211,168
/home/kiranriya0990/hn3d/lib/python3.12/site-packages/torchvision/models/_utils.py:207: UserWarning: The parameter 'pretrained' is deprecated since 0.13 and may be removed in the future, please use 'weights' instead.
  warnings.warn(
/home/kiranriya0990/hn3d/lib/python3.12/site-packages/torchvision/models/_utils.py:222: UserWarning: Arguments other than a weight enum or `None` for 'weights' are deprecated since 0.13 and may be removed in the future. The current behavior is equivalent to passing `weights=VGG16_Weights.IMAGENET1K_V1`. You can also use `weights=VGG16_Weights.DEFAULT` to get the most up-to-date weights.
  warnings.warn(msg)
run                        PSNR   SSIM  LPIPS | PSNRcc SSIMcc LPIPScc  n
full                      10.68  0.655  0.652 |  15.79  0.720   0.605  678,302
hq                        11.60  0.646  0.659 |  16.16  0.717   0.603  1,200,000
completed_hq              11.83  0.651  0.659 |  16.26  0.717   0.603  1,373,484
{
  "gt_box_m": {
    "x": 9.23,
    "z": 8.88,
    "height": 3.5
  },
  "band_m": 0.3,
  "baseline": {
    "accuracy_m": 0.1322570667398204,
    "completeness_m": 0.3111946651090566,
    "chamfer_m": 0.2217258659244385,
    "coverage_10cm": 0.1899647377476449,
    "coverage_25cm": 0.5194453435088496,
    "shell_points": 60136
  },
  "completed": {
    "accuracy_m": 0.16395121089999104,
    "completeness_m": 0.20208278133933485,
    "chamfer_m": 0.18301699611966293,
    "coverage_10cm": 0.19526259305316593,
    "coverage_25cm": 0.8216615845868184,
    "shell_points": 224379
  },
  "dimensions": {
    "ours_m": {
      "length": 9.598,
      "width": 8.552,
      "height": 3.276
    },
    "tape_m": {
      "length": 9.23,
      "width": 8.88,
      "height": 3.5
    },
    "abs_error_m": {
      "x": 0.3680000000000003,
      "z": 0.3280000000000012,
      "height": 0.2240000000000002
    }
  }
}
kept 1,245,259 of 1,373,484 Gaussians inside 2x the room box
{
  "units": "metres",
  "frame": "Y-up, floor y=0, room centred at x=z=0",
  "dimensions": {
    "length": 9.598,
    "width": 8.552,
    "height": 3.276
  },
  "camera_height_m": 1.491,
  "scale_estimators": {
    "depth": {
      "length": 19.496,
      "width": 17.371,
      "height": 6.655
    },
    "camera": {
      "length": 9.01,
      "width": 8.028,
      "height": 3.075
    },
    "floorplan": {
      "length": 9.598,
      "width": 8.552,
      "height": 3.276
    },
    "tape": {
      "length": 9.598,
      "width": 8.552,
      "height": 3.276
    }
  },
  "ceiling_observed": true,
  "faces": {
    "wall_x0": {
      "snap": 0.0,
      "plan_protected": 0.0,
      "observed": 0.291,
      "opening": 0.179,
      "generated": 0.53,
      "method": "lama",
      "new_gaussians": 25642
    },
    "wall_x1": {
      "snap": 0.0,
      "plan_protected": 0.0,
      "observed": 0.693,
      "opening": 0.009,
      "generated": 0.298,
      "method": "lama",
      "new_gaussians": 14445
    },
    "wall_y0": {
      "snap": 0.0,
      "plan_protected": 0.0,
      "observed": 0.381,
      "opening": 0.006,
      "generated": 0.612,
      "method": "lama",
      "new_gaussians": 33315
    },
    "wall_y1": {
      "snap": 0.0,
      "plan_protected": 0.0,
      "observed": 0.48,
      "opening": 0.189,
      "generated": 0.331,
      "method": "lama",
      "new_gaussians": 18001
    },
    "floor": {
      "snap": 0.0,
      "plan_protected": 0.0,
      "observed": 0.827,
      "opening": 0.0,
      "generated": 0.173,
      "method": "lama",
      "new_gaussians": 24596
    },
    "ceiling": {
      "snap": 0.0,
      "plan_protected": 0.0,
      "observed": 0.332,
      "opening": 0.0,
      "generated": 0.668,
      "method": "lama",
      "new_gaussians": 95169
    }
  },
  "gaussians": {
    "total": 1245259,
    "generated": 211168
  },
  "dim_error_pct_vs_tape": {
    "length_width": [
      3.69,
      3.99
    ],
    "height": 6.4
  },
  "scale_from": "floorplan",
  "views": {
    "overview": {
      "position": [
        -3.374,
        1.502,
        -3.265
      ],
      "look_at": [
        -2.677,
        1.562,
        -0.347
      ]
    },
    "ceiling": {
      "position": [
        -3.374,
        1.502,
        -3.265
      ],
      "look_at": [
        -2.803,
        3.223,
        -0.874
      ]
    },
    "side": {
      "position": [
        -1.58,
        1.681,
        0.62
      ],
      "look_at": [
        -3.844,
        1.85,
        2.58
      ]
    }
  },
  "home_camera": {
    "position": [
      -3.374,
      1.502,
      -3.265
    ],
    "look_at": [
      -2.677,
      1.562,
      -0.347
    ]
  }
}
{
  "objects": 5,
  "by_label": {
    "object": 4,
    "desk/bench": 1
  }
}
[PASS] room.json dimensions are metric and plausible  {'length': 9.598, 'width': 8.552, 'height': 3.276}
[PASS] room.json records the scale source  floorplan
[PASS] room.json has a home camera inside the room
[PASS] PLY opens and has 3DGS fields
[PASS] PLY carries generated + confidence attributes
[PASS] PLY generated count matches room.json  211168 vs 211168
[PASS] generated Gaussians lie on the room shell (inside the box)  1.000
[PASS] confidence in [0,1], observed = 1
[PASS] room.splat is a whole number of 32-byte splats  1245259 splats
[PASS] room_honesty.splat is a whole number of 32-byte splats  1245259 splats
[PASS] room_shell.glb opens with textured faces  6 meshes
[PASS] room_shell_honesty.glb opens with textured faces  6 meshes
[PASS] USD opens, Y-up, metres
[PASS] USD splat has generated + confidence primvars
[PASS] objects.json lists objects with boxes  5 objects
[PASS] objects_boxes.glb opens
[PASS] floor plan layout parsed with a door  9.23 x 8.88 m
[PASS] floor plan GLB opens
[PASS] viewer has room.json
[PASS] viewer has metrics.json
[PASS] viewer has room.splat
[PASS] viewer has room_honesty.splat
[FAIL] viewer room.json is the latest export

22/23 checks passed
POST_HQ_DONE
